// Jest Snapshot v1, https://goo.gl/fbAQLP

exports[`Card.vue render renders correctly 1`] = `
<el-card
  class="box-card"
  shadow="hover"
>
  
  
</el-card>
`;
